// Jest Snapshot v1, https://goo.gl/fbAQLP

exports[`DailySchedule renders correctly 1`] = `ShallowWrapper {}`;
